// Jest Snapshot v1, https://goo.gl/fbAQLP

exports[`<Header /> renders 1`] = `
<header>
  <h1>
    Jack Toumey
  </h1>
  <styled.nav>
    <Styled(mockConstructor)
      key="0"
      to="/"
    >
      Home
    </Styled(mockConstructor)>
    <Styled(mockConstructor)
      key="1"
      to="/about"
    >
      About
    </Styled(mockConstructor)>
    <Styled(mockConstructor)
      key="2"
      to="/play"
    >
      Play
    </Styled(mockConstructor)>
    <Styled(mockConstructor)
      key="3"
      to="/thoughts"
    >
      Thoughts
    </Styled(mockConstructor)>
    <Styled(mockConstructor)
      key="4"
      to="/products"
    >
      Products
    </Styled(mockConstructor)>
    <Styled(mockConstructor)
      key="5"
      to="/contact"
    >
      Contact
    </Styled(mockConstructor)>
    <Styled(mockConstructor)
      key="6"
      to="/contact/examples"
    >
      Form Examples
    </Styled(mockConstructor)>
  </styled.nav>
</header>
`;
